  [2m2026-06-20T18:40:45.213060Z[0m [33m WARN[0m [1;33msqlx::pool::acquire[0m[33m: [33macquired connection, but time to acquire exceeded slow threshold, [1;33maquired_after_secs[0m[33m: 2.0599699, [1;33mslow_acquire_threshold_secs[0m[33m: 2.0[0m
    [2;3mat[0m C:\Users\fjuni\.cargo\registry\src\index.crates.io-1949cf8c6b5b557f\sqlx-core-0.8.6\src\pool\inner.rs:302

  [2m2026-06-20T18:40:45.217409Z[0m [32m INFO[0m [1;32msqlx::query[0m[32m: [1;32msummary[0m[32m: "SELECT \"notification_kinds\".\"id\", \"notification_kinds\".\"name\" FROM …", [1;32mdb.statement[0m[32m: "\n\nSELECT \"notification_kinds\".\"id\", \"notification_kinds\".\"name\" FROM \"notification_kinds\"\n", [1;32mrows_affected[0m[32m: 0, [1;32mrows_returned[0m[32m: 0, [1;32melapsed[0m[32m: 2.2611ms, [1;32melapsed_secs[0m[32m: 0.0022611[0m
    [2;3mat[0m C:\Users\fjuni\.cargo\registry\src\index.crates.io-1949cf8c6b5b557f\sqlx-core-0.8.6\src\logger.rs:143

  [2m2026-06-20T18:40:47.276516Z[0m [33m WARN[0m [1;33msqlx::pool::acquire[0m[33m: [33macquired connection, but time to acquire exceeded slow threshold, [1;33maquired_after_secs[0m[33m: 2.0586104, [1;33mslow_acquire_threshold_secs[0m[33m: 2.0[0m
    [2;3mat[0m C:\Users\fjuni\.cargo\registry\src\index.crates.io-1949cf8c6b5b557f\sqlx-core-0.8.6\src\pool\inner.rs:302

  [2m2026-06-20T18:40:47.279396Z[0m [32m INFO[0m [1;32msqlx::query[0m[32m: [1;32msummary[0m[32m: "INSERT INTO \"notification_kinds\" (\"name\") …", [1;32mdb.statement[0m[32m: "\n\nINSERT INTO \"notification_kinds\" (\"name\") VALUES ($1), ($2), ($3)\n", [1;32mrows_affected[0m[32m: 3, [1;32mrows_returned[0m[32m: 0, [1;32melapsed[0m[32m: 2.754ms, [1;32melapsed_secs[0m[32m: 0.002754[0m
    [2;3mat[0m C:\Users\fjuni\.cargo\registry\src\index.crates.io-1949cf8c6b5b557f\sqlx-core-0.8.6\src\logger.rs:143

  [2m2026-06-20T18:40:47.280322Z[0m [32m INFO[0m [1;32msqlx::query[0m[32m: [1;32msummary[0m[32m: "SELECT \"notification_kinds\".\"id\", \"notification_kinds\".\"name\" FROM …", [1;32mdb.statement[0m[32m: "\n\nSELECT \"notification_kinds\".\"id\", \"notification_kinds\".\"name\" FROM \"notification_kinds\"\n", [1;32mrows_affected[0m[32m: 3, [1;32mrows_returned[0m[32m: 3, [1;32melapsed[0m[32m: 438.2µs, [1;32melapsed_secs[0m[32m: 0.0004382[0m
    [2;3mat[0m C:\Users\fjuni\.cargo\registry\src\index.crates.io-1949cf8c6b5b557f\sqlx-core-0.8.6\src\logger.rs:143

  [2m2026-06-20T18:40:49.336620Z[0m [33m WARN[0m [1;33msqlx::pool::acquire[0m[33m: [33macquired connection, but time to acquire exceeded slow threshold, [1;33maquired_after_secs[0m[33m: 2.0557747, [1;33mslow_acquire_threshold_secs[0m[33m: 2.0[0m
    [2;3mat[0m C:\Users\fjuni\.cargo\registry\src\index.crates.io-1949cf8c6b5b557f\sqlx-core-0.8.6\src\pool\inner.rs:302

  [2m2026-06-20T18:40:49.338785Z[0m [32m INFO[0m [1;32msqlx::query[0m[32m: [1;32msummary[0m[32m: "SELECT \"notification_kinds\".\"id\", \"notification_kinds\".\"name\" FROM …", [1;32mdb.statement[0m[32m: "\n\nSELECT \"notification_kinds\".\"id\", \"notification_kinds\".\"name\" FROM \"notification_kinds\"\n", [1;32mrows_affected[0m[32m: 3, [1;32mrows_returned[0m[32m: 3, [1;32melapsed[0m[32m: 1.4174ms, [1;32melapsed_secs[0m[32m: 0.0014174[0m
    [2;3mat[0m C:\Users\fjuni\.cargo\registry\src\index.crates.io-1949cf8c6b5b557f\sqlx-core-0.8.6\src\logger.rs:143

  [2m2026-06-20T18:40:51.399138Z[0m [33m WARN[0m [1;33msqlx::pool::acquire[0m[33m: [33macquired connection, but time to acquire exceeded slow threshold, [1;33maquired_after_secs[0m[33m: 2.0602516, [1;33mslow_acquire_threshold_secs[0m[33m: 2.0[0m
    [2;3mat[0m C:\Users\fjuni\.cargo\registry\src\index.crates.io-1949cf8c6b5b557f\sqlx-core-0.8.6\src\pool\inner.rs:302

  [2m2026-06-20T18:40:51.400862Z[0m [32m INFO[0m [1;32msqlx::query[0m[32m: [1;32msummary[0m[32m: "SELECT \"notification_kinds\".\"id\", \"notification_kinds\".\"name\" FROM …", [1;32mdb.statement[0m[32m: "\n\nSELECT \"notification_kinds\".\"id\", \"notification_kinds\".\"name\" FROM \"notification_kinds\"\n", [1;32mrows_affected[0m[32m: 3, [1;32mrows_returned[0m[32m: 3, [1;32melapsed[0m[32m: 1.6436ms, [1;32melapsed_secs[0m[32m: 0.0016436[0m
    [2;3mat[0m C:\Users\fjuni\.cargo\registry\src\index.crates.io-1949cf8c6b5b557f\sqlx-core-0.8.6\src\logger.rs:143

  [2m2026-06-20T18:40:51.411285Z[0m [32m INFO[0m [1;32msqlx::query[0m[32m: [1;32msummary[0m[32m: "SET TRANSACTION ISOLATION LEVEL …", [1;32mdb.statement[0m[32m: "\n\nSET TRANSACTION ISOLATION LEVEL READ COMMITTED\n", [1;32mrows_affected[0m[32m: 0, [1;32mrows_returned[0m[32m: 0, [1;32melapsed[0m[32m: 1.0144ms, [1;32melapsed_secs[0m[32m: 0.0010144[0m
    [2;3mat[0m C:\Users\fjuni\.cargo\registry\src\index.crates.io-1949cf8c6b5b557f\sqlx-core-0.8.6\src\logger.rs:143

  [2m2026-06-20T18:40:51.413118Z[0m [32m INFO[0m [1;32msqlx::query[0m[32m: [1;32msummary[0m[32m: "INSERT INTO \"servers\" (\"environment\") …", [1;32mdb.statement[0m[32m: "\n\nINSERT INTO \"servers\" (\"environment\") VALUES ($1) RETURNING \"id\", \"environment\"\n", [1;32mrows_affected[0m[32m: 1, [1;32mrows_returned[0m[32m: 1, [1;32melapsed[0m[32m: 1.6452ms, [1;32melapsed_secs[0m[32m: 0.0016452[0m
    [2;3mat[0m C:\Users\fjuni\.cargo\registry\src\index.crates.io-1949cf8c6b5b557f\sqlx-core-0.8.6\src\logger.rs:143

  [2m2026-06-20T18:40:51.414240Z[0m [32m INFO[0m [1;32msqlx::query[0m[32m: [1;32msummary[0m[32m: "COMMIT", [1;32mdb.statement[0m[32m: "", [1;32mrows_affected[0m[32m: 0, [1;32mrows_returned[0m[32m: 0, [1;32melapsed[0m[32m: 1.0005ms, [1;32melapsed_secs[0m[32m: 0.0010005[0m
    [2;3mat[0m C:\Users\fjuni\.cargo\registry\src\index.crates.io-1949cf8c6b5b557f\sqlx-core-0.8.6\src\logger.rs:143

  [2m2026-06-20T18:40:51.414691Z[0m [32m INFO[0m [1;32mcollab::rpc[0m[32m: [32mwaiting for cleanup timeout[0m
    [2;3mat[0m crates\collab\src\rpc.rs:532
    [2;3min[0m collab::rpc::[1mstart server[0m

  [2m2026-06-20T18:40:51.414868Z[0m [32m INFO[0m [1;32mcollab::api::extensions[0m[32m: [32mfetching extensions from blob store[0m
    [2;3mat[0m crates\collab\src\api\extensions.rs:210

  [2m2026-06-20T18:40:58.219674Z[0m [31mERROR[0m [1;31mcollab::api::extensions[0m[31m: [31mdispatch failure: io error: client error (Connect): tcp connect error: Nenhuma conexão pôde ser feita porque a máquina de destino as recusou ativamente. (os error 10061)[0m
    [2;3mat[0m crates\collab\src\api\extensions.rs:198

  [2m2026-06-20T18:41:06.422881Z[0m [32m INFO[0m [1;32mcollab::rpc[0m[32m: [32mcleanup timeout expired, retrieving stale rooms[0m
    [2;3mat[0m crates\collab\src\rpc.rs:534
    [2;3min[0m collab::rpc::[1mstart server[0m

  [2m2026-06-20T18:41:06.427993Z[0m [32m INFO[0m [1;32msqlx::query[0m[32m: [1;32msummary[0m[32m: "SET TRANSACTION ISOLATION LEVEL …", [1;32mdb.statement[0m[32m: "\n\nSET TRANSACTION ISOLATION LEVEL READ COMMITTED\n", [1;32mrows_affected[0m[32m: 0, [1;32mrows_returned[0m[32m: 0, [1;32melapsed[0m[32m: 2.0234ms, [1;32melapsed_secs[0m[32m: 0.0020234[0m
    [2;3mat[0m C:\Users\fjuni\.cargo\registry\src\index.crates.io-1949cf8c6b5b557f\sqlx-core-0.8.6\src\logger.rs:143
    [2;3min[0m collab::rpc::[1mstart server[0m

  [2m2026-06-20T18:41:06.430912Z[0m [32m INFO[0m [1;32msqlx::query[0m[32m: [1;32msummary[0m[32m: "SELECT \"servers\".\"id\", \"servers\".\"environment\" FROM …", [1;32mdb.statement[0m[32m: "\n\nSELECT \"servers\".\"id\", \"servers\".\"environment\" FROM \"servers\" WHERE \"servers\".\"environment\" = $1 AND \"servers\".\"id\" <> $2\n", [1;32mrows_affected[0m[32m: 0, [1;32mrows_returned[0m[32m: 0, [1;32melapsed[0m[32m: 2.7456ms, [1;32melapsed_secs[0m[32m: 0.0027456[0m
    [2;3mat[0m C:\Users\fjuni\.cargo\registry\src\index.crates.io-1949cf8c6b5b557f\sqlx-core-0.8.6\src\logger.rs:143
    [2;3min[0m collab::rpc::[1mstart server[0m

  [2m2026-06-20T18:41:06.434516Z[0m [32m INFO[0m [1;32msqlx::query[0m[32m: [1;32msummary[0m[32m: "DELETE FROM \"channel_chat_participants\" WHERE …", [1;32mdb.statement[0m[32m: "\n\nDELETE FROM \"channel_chat_participants\" WHERE $1 = $2\n", [1;32mrows_affected[0m[32m: 0, [1;32mrows_returned[0m[32m: 0, [1;32melapsed[0m[32m: 3.479ms, [1;32melapsed_secs[0m[32m: 0.003479[0m
    [2;3mat[0m C:\Users\fjuni\.cargo\registry\src\index.crates.io-1949cf8c6b5b557f\sqlx-core-0.8.6\src\logger.rs:143
    [2;3min[0m collab::rpc::[1mstart server[0m

  [2m2026-06-20T18:41:06.435469Z[0m [32m INFO[0m [1;32msqlx::query[0m[32m: [1;32msummary[0m[32m: "COMMIT", [1;32mdb.statement[0m[32m: "", [1;32mrows_affected[0m[32m: 0, [1;32mrows_returned[0m[32m: 0, [1;32melapsed[0m[32m: 885.9µs, [1;32melapsed_secs[0m[32m: 0.0008859[0m
    [2;3mat[0m C:\Users\fjuni\.cargo\registry\src\index.crates.io-1949cf8c6b5b557f\sqlx-core-0.8.6\src\logger.rs:143
    [2;3min[0m collab::rpc::[1mstart server[0m

  [2m2026-06-20T18:41:06.437962Z[0m [32m INFO[0m [1;32msqlx::query[0m[32m: [1;32msummary[0m[32m: "SET TRANSACTION ISOLATION LEVEL …", [1;32mdb.statement[0m[32m: "\n\nSET TRANSACTION ISOLATION LEVEL READ COMMITTED\n", [1;32mrows_affected[0m[32m: 0, [1;32mrows_returned[0m[32m: 0, [1;32melapsed[0m[32m: 512.1µs, [1;32melapsed_secs[0m[32m: 0.0005121[0m
    [2;3mat[0m C:\Users\fjuni\.cargo\registry\src\index.crates.io-1949cf8c6b5b557f\sqlx-core-0.8.6\src\logger.rs:143
    [2;3min[0m collab::rpc::[1mstart server[0m

  [2m2026-06-20T18:41:06.440879Z[0m [32m INFO[0m [1;32msqlx::query[0m[32m: [1;32msummary[0m[32m: "SELECT \"servers\".\"id\", \"servers\".\"environment\" FROM …", [1;32mdb.statement[0m[32m: "\n\nSELECT \"servers\".\"id\", \"servers\".\"environment\" FROM \"servers\" WHERE \"servers\".\"environment\" = $1 AND \"servers\".\"id\" <> $2\n", [1;32mrows_affected[0m[32m: 0, [1;32mrows_returned[0m[32m: 0, [1;32melapsed[0m[32m: 2.8133ms, [1;32melapsed_secs[0m[32m: 0.0028133[0m
    [2;3mat[0m C:\Users\fjuni\.cargo\registry\src\index.crates.io-1949cf8c6b5b557f\sqlx-core-0.8.6\src\logger.rs:143
    [2;3min[0m collab::rpc::[1mstart server[0m

  [2m2026-06-20T18:41:06.445473Z[0m [32m INFO[0m [1;32msqlx::query[0m[32m: [1;32msummary[0m[32m: "SELECT DISTINCT \"room_participants\".\"room_id\" FROM …", [1;32mdb.statement[0m[32m: "\n\nSELECT DISTINCT \"room_participants\".\"room_id\" FROM \"room_participants\" WHERE $1 = $2\n", [1;32mrows_affected[0m[32m: 0, [1;32mrows_returned[0m[32m: 0, [1;32melapsed[0m[32m: 4.3998ms, [1;32melapsed_secs[0m[32m: 0.0043998[0m
    [2;3mat[0m C:\Users\fjuni\.cargo\registry\src\index.crates.io-1949cf8c6b5b557f\sqlx-core-0.8.6\src\logger.rs:143
    [2;3min[0m collab::rpc::[1mstart server[0m

  [2m2026-06-20T18:41:06.447601Z[0m [32m INFO[0m [1;32msqlx::query[0m[32m: [1;32msummary[0m[32m: "SELECT DISTINCT \"channel_buffer_collaborators\".\"channel_id\" FROM …", [1;32mdb.statement[0m[32m: "\n\nSELECT DISTINCT \"channel_buffer_collaborators\".\"channel_id\" FROM \"channel_buffer_collaborators\" WHERE $1 = $2\n", [1;32mrows_affected[0m[32m: 0, [1;32mrows_returned[0m[32m: 0, [1;32melapsed[0m[32m: 1.9937ms, [1;32melapsed_secs[0m[32m: 0.0019937[0m
    [2;3mat[0m C:\Users\fjuni\.cargo\registry\src\index.crates.io-1949cf8c6b5b557f\sqlx-core-0.8.6\src\logger.rs:143
    [2;3min[0m collab::rpc::[1mstart server[0m

  [2m2026-06-20T18:41:06.448370Z[0m [32m INFO[0m [1;32msqlx::query[0m[32m: [1;32msummary[0m[32m: "COMMIT", [1;32mdb.statement[0m[32m: "", [1;32mrows_affected[0m[32m: 0, [1;32mrows_returned[0m[32m: 0, [1;32melapsed[0m[32m: 713µs, [1;32melapsed_secs[0m[32m: 0.000713[0m
    [2;3mat[0m C:\Users\fjuni\.cargo\registry\src\index.crates.io-1949cf8c6b5b557f\sqlx-core-0.8.6\src\logger.rs:143
    [2;3min[0m collab::rpc::[1mstart server[0m

  [2m2026-06-20T18:41:06.448427Z[0m [32m INFO[0m [1;32mcollab::rpc[0m[32m: [32mretrieved stale rooms, [1;32mstale_room_count[0m[32m: 0[0m
    [2;3mat[0m crates\collab\src\rpc.rs:551
    [2;3min[0m collab::rpc::[1mstart server[0m

  [2m2026-06-20T18:41:06.448445Z[0m [32m INFO[0m [1;32mcollab::rpc[0m[32m: [32mretrieved stale channel buffers, [1;32mstale_channel_buffer_count[0m[32m: 0[0m
    [2;3mat[0m crates\collab\src\rpc.rs:552
    [2;3min[0m collab::rpc::[1mstart server[0m

  [2m2026-06-20T18:41:06.452166Z[0m [32m INFO[0m [1;32msqlx::query[0m[32m: [1;32msummary[0m[32m: "SET TRANSACTION ISOLATION LEVEL …", [1;32mdb.statement[0m[32m: "\n\nSET TRANSACTION ISOLATION LEVEL READ COMMITTED\n", [1;32mrows_affected[0m[32m: 0, [1;32mrows_returned[0m[32m: 0, [1;32melapsed[0m[32m: 931.9µs, [1;32melapsed_secs[0m[32m: 0.0009319[0m
    [2;3mat[0m C:\Users\fjuni\.cargo\registry\src\index.crates.io-1949cf8c6b5b557f\sqlx-core-0.8.6\src\logger.rs:143
    [2;3min[0m collab::rpc::[1mstart server[0m

  [2m2026-06-20T18:41:06.452903Z[0m [32m INFO[0m [1;32msqlx::query[0m[32m: [1;32msummary[0m[32m: "SELECT \"servers\".\"id\", \"servers\".\"environment\" FROM …", [1;32mdb.statement[0m[32m: "\n\nSELECT \"servers\".\"id\", \"servers\".\"environment\" FROM \"servers\" WHERE \"servers\".\"environment\" = $1 AND \"servers\".\"id\" <> $2\n", [1;32mrows_affected[0m[32m: 0, [1;32mrows_returned[0m[32m: 0, [1;32melapsed[0m[32m: 643.5µs, [1;32melapsed_secs[0m[32m: 0.0006435[0m
    [2;3mat[0m C:\Users\fjuni\.cargo\registry\src\index.crates.io-1949cf8c6b5b557f\sqlx-core-0.8.6\src\logger.rs:143
    [2;3min[0m collab::rpc::[1mstart server[0m

  [2m2026-06-20T18:41:06.453991Z[0m [32m INFO[0m [1;32msqlx::query[0m[32m: [1;32msummary[0m[32m: "DELETE FROM \"channel_chat_participants\" WHERE …", [1;32mdb.statement[0m[32m: "\n\nDELETE FROM \"channel_chat_participants\" WHERE $1 = $2\n", [1;32mrows_affected[0m[32m: 0, [1;32mrows_returned[0m[32m: 0, [1;32melapsed[0m[32m: 993.9µs, [1;32melapsed_secs[0m[32m: 0.0009939[0m
    [2;3mat[0m C:\Users\fjuni\.cargo\registry\src\index.crates.io-1949cf8c6b5b557f\sqlx-core-0.8.6\src\logger.rs:143
    [2;3min[0m collab::rpc::[1mstart server[0m

  [2m2026-06-20T18:41:06.455436Z[0m [32m INFO[0m [1;32msqlx::query[0m[32m: [1;32msummary[0m[32m: "COMMIT", [1;32mdb.statement[0m[32m: "", [1;32mrows_affected[0m[32m: 0, [1;32mrows_returned[0m[32m: 0, [1;32melapsed[0m[32m: 1.3892ms, [1;32melapsed_secs[0m[32m: 0.0013892[0m
    [2;3mat[0m C:\Users\fjuni\.cargo\registry\src\index.crates.io-1949cf8c6b5b557f\sqlx-core-0.8.6\src\logger.rs:143
    [2;3min[0m collab::rpc::[1mstart server[0m

  [2m2026-06-20T18:41:06.458453Z[0m [32m INFO[0m [1;32msqlx::query[0m[32m: [1;32msummary[0m[32m: "SET TRANSACTION ISOLATION LEVEL …", [1;32mdb.statement[0m[32m: "\n\nSET TRANSACTION ISOLATION LEVEL READ COMMITTED\n", [1;32mrows_affected[0m[32m: 0, [1;32mrows_returned[0m[32m: 0, [1;32melapsed[0m[32m: 822.5µs, [1;32melapsed_secs[0m[32m: 0.0008225[0m
    [2;3mat[0m C:\Users\fjuni\.cargo\registry\src\index.crates.io-1949cf8c6b5b557f\sqlx-core-0.8.6\src\logger.rs:143
    [2;3min[0m collab::rpc::[1mstart server[0m

  [2m2026-06-20T18:41:06.461606Z[0m [32m INFO[0m [1;32msqlx::query[0m[32m: [1;32msummary[0m[32m: "DELETE FROM \"worktree_entries\" WHERE …", [1;32mdb.statement[0m[32m: "\n\nDELETE FROM \"worktree_entries\" WHERE (\"worktree_entries\".\"project_id\", \"worktree_entries\".\"worktree_id\", \"worktree_entries\".\"id\") IN (SELECT \"worktree_entries\".\"project_id\", \"worktree_entries\".\"worktree_id\", \"worktree_entries\".\"id\" FROM \"worktree_entries\" INNER JOIN \"projects\" ON \"projects\".\"id\" = \"worktree_entries\".\"project_id\" WHERE \"projects\".\"host_connection_server_id\" <> 1 LIMIT 10000)\n", [1;32mrows_affected[0m[32m: 0, [1;32mrows_returned[0m[32m: 0, [1;32melapsed[0m[32m: 2.9992ms, [1;32melapsed_secs[0m[32m: 0.0029992[0m
    [2;3mat[0m C:\Users\fjuni\.cargo\registry\src\index.crates.io-1949cf8c6b5b557f\sqlx-core-0.8.6\src\logger.rs:143
    [2;3min[0m collab::rpc::[1mstart server[0m

  [2m2026-06-20T18:41:06.463632Z[0m [32m INFO[0m [1;32msqlx::query[0m[32m: [1;32msummary[0m[32m: "DELETE FROM \"project_repository_statuses\" WHERE …", [1;32mdb.statement[0m[32m: "\n\nDELETE FROM \"project_repository_statuses\" WHERE (\"project_repository_statuses\".\"project_id\") IN (SELECT \"project_repository_statuses\".\"project_id\" FROM \"project_repository_statuses\" INNER JOIN \"projects\" ON \"projects\".\"id\" = \"project_repository_statuses\".\"project_id\" WHERE \"projects\".\"host_connection_server_id\" <> 1 LIMIT 10000)\n", [1;32mrows_affected[0m[32m: 0, [1;32mrows_returned[0m[32m: 0, [1;32melapsed[0m[32m: 1.8687ms, [1;32melapsed_secs[0m[32m: 0.0018687[0m
    [2;3mat[0m C:\Users\fjuni\.cargo\registry\src\index.crates.io-1949cf8c6b5b557f\sqlx-core-0.8.6\src\logger.rs:143
    [2;3min[0m collab::rpc::[1mstart server[0m

  [2m2026-06-20T18:41:06.464279Z[0m [32m INFO[0m [1;32msqlx::query[0m[32m: [1;32msummary[0m[32m: "COMMIT", [1;32mdb.statement[0m[32m: "", [1;32mrows_affected[0m[32m: 0, [1;32mrows_returned[0m[32m: 0, [1;32melapsed[0m[32m: 590.4µs, [1;32melapsed_secs[0m[32m: 0.0005904[0m
    [2;3mat[0m C:\Users\fjuni\.cargo\registry\src\index.crates.io-1949cf8c6b5b557f\sqlx-core-0.8.6\src\logger.rs:143
    [2;3min[0m collab::rpc::[1mstart server[0m

  [2m2026-06-20T18:41:06.467726Z[0m [32m INFO[0m [1;32msqlx::query[0m[32m: [1;32msummary[0m[32m: "SET TRANSACTION ISOLATION LEVEL …", [1;32mdb.statement[0m[32m: "\n\nSET TRANSACTION ISOLATION LEVEL READ COMMITTED\n", [1;32mrows_affected[0m[32m: 0, [1;32mrows_returned[0m[32m: 0, [1;32melapsed[0m[32m: 1.3159ms, [1;32melapsed_secs[0m[32m: 0.0013159[0m
    [2;3mat[0m C:\Users\fjuni\.cargo\registry\src\index.crates.io-1949cf8c6b5b557f\sqlx-core-0.8.6\src\logger.rs:143
    [2;3min[0m collab::rpc::[1mstart server[0m

  [2m2026-06-20T18:41:06.471705Z[0m [32m INFO[0m [1;32msqlx::query[0m[32m: [1;32msummary[0m[32m: "DELETE FROM \"servers\" WHERE …", [1;32mdb.statement[0m[32m: "\n\nDELETE FROM \"servers\" WHERE \"servers\".\"environment\" = $1 AND \"servers\".\"id\" <> $2\n", [1;32mrows_affected[0m[32m: 0, [1;32mrows_returned[0m[32m: 0, [1;32melapsed[0m[32m: 3.8731ms, [1;32melapsed_secs[0m[32m: 0.0038731[0m
    [2;3mat[0m C:\Users\fjuni\.cargo\registry\src\index.crates.io-1949cf8c6b5b557f\sqlx-core-0.8.6\src\logger.rs:143
    [2;3min[0m collab::rpc::[1mstart server[0m

  [2m2026-06-20T18:41:06.473699Z[0m [32m INFO[0m [1;32msqlx::query[0m[32m: [1;32msummary[0m[32m: "COMMIT", [1;32mdb.statement[0m[32m: "", [1;32mrows_affected[0m[32m: 0, [1;32mrows_returned[0m[32m: 0, [1;32melapsed[0m[32m: 1.938ms, [1;32melapsed_secs[0m[32m: 0.001938[0m
    [2;3mat[0m C:\Users\fjuni\.cargo\registry\src\index.crates.io-1949cf8c6b5b557f\sqlx-core-0.8.6\src\logger.rs:143
    [2;3min[0m collab::rpc::[1mstart server[0m

  [2m2026-06-20T18:45:58.225934Z[0m [32m INFO[0m [1;32mcollab::api::extensions[0m[32m: [32mfetching extensions from blob store[0m
    [2;3mat[0m crates\collab\src\api\extensions.rs:210

  [2m2026-06-20T18:45:58.245126Z[0m [31mERROR[0m [1;31mcollab::api::extensions[0m[31m: [31mservice error: NoSuchBucket: The specified bucket does not exist: NoSuchBucket: The specified bucket does not exist[0m
    [2;3mat[0m crates\collab\src\api\extensions.rs:198

  [2m2026-06-20T18:50:58.256756Z[0m [32m INFO[0m [1;32mcollab::api::extensions[0m[32m: [32mfetching extensions from blob store[0m
    [2;3mat[0m crates\collab\src\api\extensions.rs:210

  [2m2026-06-20T18:50:58.269076Z[0m [31mERROR[0m [1;31mcollab::api::extensions[0m[31m: [31mservice error: NoSuchBucket: The specified bucket does not exist: NoSuchBucket: The specified bucket does not exist[0m
    [2;3mat[0m crates\collab\src\api\extensions.rs:198

  [2m2026-06-20T18:55:58.278225Z[0m [32m INFO[0m [1;32mcollab::api::extensions[0m[32m: [32mfetching extensions from blob store[0m
    [2;3mat[0m crates\collab\src\api\extensions.rs:210

  [2m2026-06-20T18:55:58.284110Z[0m [31mERROR[0m [1;31mcollab::api::extensions[0m[31m: [31mservice error: NoSuchBucket: The specified bucket does not exist: NoSuchBucket: The specified bucket does not exist[0m
    [2;3mat[0m crates\collab\src\api\extensions.rs:198

  [2m2026-06-20T19:00:58.286611Z[0m [32m INFO[0m [1;32mcollab::api::extensions[0m[32m: [32mfetching extensions from blob store[0m
    [2;3mat[0m crates\collab\src\api\extensions.rs:210

  [2m2026-06-20T19:00:58.294279Z[0m [31mERROR[0m [1;31mcollab::api::extensions[0m[31m: [31mservice error: NoSuchBucket: The specified bucket does not exist: NoSuchBucket: The specified bucket does not exist[0m
    [2;3mat[0m crates\collab\src\api\extensions.rs:198

  [2m2026-06-20T19:05:58.308638Z[0m [32m INFO[0m [1;32mcollab::api::extensions[0m[32m: [32mfetching extensions from blob store[0m
    [2;3mat[0m crates\collab\src\api\extensions.rs:210

  [2m2026-06-20T19:05:58.320863Z[0m [31mERROR[0m [1;31mcollab::api::extensions[0m[31m: [31mservice error: NoSuchBucket: The specified bucket does not exist: NoSuchBucket: The specified bucket does not exist[0m
    [2;3mat[0m crates\collab\src\api\extensions.rs:198

  [2m2026-06-20T19:10:58.323978Z[0m [32m INFO[0m [1;32mcollab::api::extensions[0m[32m: [32mfetching extensions from blob store[0m
    [2;3mat[0m crates\collab\src\api\extensions.rs:210

  [2m2026-06-20T19:10:58.335380Z[0m [31mERROR[0m [1;31mcollab::api::extensions[0m[31m: [31mservice error: NoSuchBucket: The specified bucket does not exist: NoSuchBucket: The specified bucket does not exist[0m
    [2;3mat[0m crates\collab\src\api\extensions.rs:198

  [2m2026-06-20T19:15:58.339187Z[0m [32m INFO[0m [1;32mcollab::api::extensions[0m[32m: [32mfetching extensions from blob store[0m
    [2;3mat[0m crates\collab\src\api\extensions.rs:210

  [2m2026-06-20T19:15:58.356996Z[0m [31mERROR[0m [1;31mcollab::api::extensions[0m[31m: [31mservice error: NoSuchBucket: The specified bucket does not exist: NoSuchBucket: The specified bucket does not exist[0m
    [2;3mat[0m crates\collab\src\api\extensions.rs:198

  [2m2026-06-20T19:20:58.361611Z[0m [32m INFO[0m [1;32mcollab::api::extensions[0m[32m: [32mfetching extensions from blob store[0m
    [2;3mat[0m crates\collab\src\api\extensions.rs:210

  [2m2026-06-20T19:20:58.366828Z[0m [31mERROR[0m [1;31mcollab::api::extensions[0m[31m: [31mservice error: NoSuchBucket: The specified bucket does not exist: NoSuchBucket: The specified bucket does not exist[0m
    [2;3mat[0m crates\collab\src\api\extensions.rs:198

  [2m2026-06-20T19:25:58.377790Z[0m [32m INFO[0m [1;32mcollab::api::extensions[0m[32m: [32mfetching extensions from blob store[0m
    [2;3mat[0m crates\collab\src\api\extensions.rs:210

  [2m2026-06-20T19:25:58.388636Z[0m [31mERROR[0m [1;31mcollab::api::extensions[0m[31m: [31mservice error: NoSuchBucket: The specified bucket does not exist: NoSuchBucket: The specified bucket does not exist[0m
    [2;3mat[0m crates\collab\src\api\extensions.rs:198

  [2m2026-06-20T19:30:58.400077Z[0m [32m INFO[0m [1;32mcollab::api::extensions[0m[32m: [32mfetching extensions from blob store[0m
    [2;3mat[0m crates\collab\src\api\extensions.rs:210

  [2m2026-06-20T19:30:58.411229Z[0m [31mERROR[0m [1;31mcollab::api::extensions[0m[31m: [31mservice error: NoSuchBucket: The specified bucket does not exist: NoSuchBucket: The specified bucket does not exist[0m
    [2;3mat[0m crates\collab\src\api\extensions.rs:198

  [2m2026-06-20T19:35:58.420213Z[0m [32m INFO[0m [1;32mcollab::api::extensions[0m[32m: [32mfetching extensions from blob store[0m
    [2;3mat[0m crates\collab\src\api\extensions.rs:210

  [2m2026-06-20T19:35:58.429755Z[0m [31mERROR[0m [1;31mcollab::api::extensions[0m[31m: [31mservice error: NoSuchBucket: The specified bucket does not exist: NoSuchBucket: The specified bucket does not exist[0m
    [2;3mat[0m crates\collab\src\api\extensions.rs:198

  [2m2026-06-20T19:40:58.441127Z[0m [32m INFO[0m [1;32mcollab::api::extensions[0m[32m: [32mfetching extensions from blob store[0m
    [2;3mat[0m crates\collab\src\api\extensions.rs:210

  [2m2026-06-20T19:40:58.448413Z[0m [31mERROR[0m [1;31mcollab::api::extensions[0m[31m: [31mservice error: NoSuchBucket: The specified bucket does not exist: NoSuchBucket: The specified bucket does not exist[0m
    [2;3mat[0m crates\collab\src\api\extensions.rs:198

  [2m2026-06-20T19:45:58.464871Z[0m [32m INFO[0m [1;32mcollab::api::extensions[0m[32m: [32mfetching extensions from blob store[0m
    [2;3mat[0m crates\collab\src\api\extensions.rs:210

  [2m2026-06-20T19:45:58.476042Z[0m [31mERROR[0m [1;31mcollab::api::extensions[0m[31m: [31mservice error: NoSuchBucket: The specified bucket does not exist: NoSuchBucket: The specified bucket does not exist[0m
    [2;3mat[0m crates\collab\src\api\extensions.rs:198

  [2m2026-06-20T19:50:58.479729Z[0m [32m INFO[0m [1;32mcollab::api::extensions[0m[32m: [32mfetching extensions from blob store[0m
    [2;3mat[0m crates\collab\src\api\extensions.rs:210

  [2m2026-06-20T19:50:58.488768Z[0m [31mERROR[0m [1;31mcollab::api::extensions[0m[31m: [31mservice error: NoSuchBucket: The specified bucket does not exist: NoSuchBucket: The specified bucket does not exist[0m
    [2;3mat[0m crates\collab\src\api\extensions.rs:198

  [2m2026-06-20T19:55:58.489676Z[0m [32m INFO[0m [1;32mcollab::api::extensions[0m[32m: [32mfetching extensions from blob store[0m
    [2;3mat[0m crates\collab\src\api\extensions.rs:210

  [2m2026-06-20T19:55:58.494654Z[0m [31mERROR[0m [1;31mcollab::api::extensions[0m[31m: [31mservice error: NoSuchBucket: The specified bucket does not exist: NoSuchBucket: The specified bucket does not exist[0m
    [2;3mat[0m crates\collab\src\api\extensions.rs:198

  [2m2026-06-20T20:00:58.508847Z[0m [32m INFO[0m [1;32mcollab::api::extensions[0m[32m: [32mfetching extensions from blob store[0m
    [2;3mat[0m crates\collab\src\api\extensions.rs:210

  [2m2026-06-20T20:00:58.515082Z[0m [31mERROR[0m [1;31mcollab::api::extensions[0m[31m: [31mservice error: NoSuchBucket: The specified bucket does not exist: NoSuchBucket: The specified bucket does not exist[0m
    [2;3mat[0m crates\collab\src\api\extensions.rs:198

  [2m2026-06-20T20:05:58.530285Z[0m [32m INFO[0m [1;32mcollab::api::extensions[0m[32m: [32mfetching extensions from blob store[0m
    [2;3mat[0m crates\collab\src\api\extensions.rs:210

  [2m2026-06-20T20:05:58.542046Z[0m [31mERROR[0m [1;31mcollab::api::extensions[0m[31m: [31mservice error: NoSuchBucket: The specified bucket does not exist: NoSuchBucket: The specified bucket does not exist[0m
    [2;3mat[0m crates\collab\src\api\extensions.rs:198

  [2m2026-06-20T20:10:58.558102Z[0m [32m INFO[0m [1;32mcollab::api::extensions[0m[32m: [32mfetching extensions from blob store[0m
    [2;3mat[0m crates\collab\src\api\extensions.rs:210

  [2m2026-06-20T20:10:58.572669Z[0m [31mERROR[0m [1;31mcollab::api::extensions[0m[31m: [31mservice error: NoSuchBucket: The specified bucket does not exist: NoSuchBucket: The specified bucket does not exist[0m
    [2;3mat[0m crates\collab\src\api\extensions.rs:198

  [2m2026-06-20T20:15:58.578926Z[0m [32m INFO[0m [1;32mcollab::api::extensions[0m[32m: [32mfetching extensions from blob store[0m
    [2;3mat[0m crates\collab\src\api\extensions.rs:210

  [2m2026-06-20T20:15:58.597381Z[0m [31mERROR[0m [1;31mcollab::api::extensions[0m[31m: [31mservice error: NoSuchBucket: The specified bucket does not exist: NoSuchBucket: The specified bucket does not exist[0m
    [2;3mat[0m crates\collab\src\api\extensions.rs:198

  [2m2026-06-20T20:20:58.607375Z[0m [32m INFO[0m [1;32mcollab::api::extensions[0m[32m: [32mfetching extensions from blob store[0m
    [2;3mat[0m crates\collab\src\api\extensions.rs:210

  [2m2026-06-20T20:20:58.616430Z[0m [31mERROR[0m [1;31mcollab::api::extensions[0m[31m: [31mservice error: NoSuchBucket: The specified bucket does not exist: NoSuchBucket: The specified bucket does not exist[0m
    [2;3mat[0m crates\collab\src\api\extensions.rs:198

  [2m2026-06-20T20:25:58.620611Z[0m [32m INFO[0m [1;32mcollab::api::extensions[0m[32m: [32mfetching extensions from blob store[0m
    [2;3mat[0m crates\collab\src\api\extensions.rs:210

  [2m2026-06-20T20:25:58.628891Z[0m [31mERROR[0m [1;31mcollab::api::extensions[0m[31m: [31mservice error: NoSuchBucket: The specified bucket does not exist: NoSuchBucket: The specified bucket does not exist[0m
    [2;3mat[0m crates\collab\src\api\extensions.rs:198

  [2m2026-06-20T20:30:58.642542Z[0m [32m INFO[0m [1;32mcollab::api::extensions[0m[32m: [32mfetching extensions from blob store[0m
    [2;3mat[0m crates\collab\src\api\extensions.rs:210

  [2m2026-06-20T20:30:58.648918Z[0m [31mERROR[0m [1;31mcollab::api::extensions[0m[31m: [31mservice error: NoSuchBucket: The specified bucket does not exist: NoSuchBucket: The specified bucket does not exist[0m
    [2;3mat[0m crates\collab\src\api\extensions.rs:198

  [2m2026-06-20T20:35:58.659533Z[0m [32m INFO[0m [1;32mcollab::api::extensions[0m[32m: [32mfetching extensions from blob store[0m
    [2;3mat[0m crates\collab\src\api\extensions.rs:210

  [2m2026-06-20T20:35:58.673796Z[0m [31mERROR[0m [1;31mcollab::api::extensions[0m[31m: [31mservice error: NoSuchBucket: The specified bucket does not exist: NoSuchBucket: The specified bucket does not exist[0m
    [2;3mat[0m crates\collab\src\api\extensions.rs:198

  [2m2026-06-20T20:40:58.682142Z[0m [32m INFO[0m [1;32mcollab::api::extensions[0m[32m: [32mfetching extensions from blob store[0m
    [2;3mat[0m crates\collab\src\api\extensions.rs:210

  [2m2026-06-20T20:40:58.690873Z[0m [31mERROR[0m [1;31mcollab::api::extensions[0m[31m: [31mservice error: NoSuchBucket: The specified bucket does not exist: NoSuchBucket: The specified bucket does not exist[0m
    [2;3mat[0m crates\collab\src\api\extensions.rs:198

  [2m2026-06-20T20:45:58.705599Z[0m [32m INFO[0m [1;32mcollab::api::extensions[0m[32m: [32mfetching extensions from blob store[0m
    [2;3mat[0m crates\collab\src\api\extensions.rs:210

  [2m2026-06-20T20:45:58.711403Z[0m [31mERROR[0m [1;31mcollab::api::extensions[0m[31m: [31mservice error: NoSuchBucket: The specified bucket does not exist: NoSuchBucket: The specified bucket does not exist[0m
    [2;3mat[0m crates\collab\src\api\extensions.rs:198

  [2m2026-06-20T20:50:58.712021Z[0m [32m INFO[0m [1;32mcollab::api::extensions[0m[32m: [32mfetching extensions from blob store[0m
    [2;3mat[0m crates\collab\src\api\extensions.rs:210

  [2m2026-06-20T20:50:58.717150Z[0m [31mERROR[0m [1;31mcollab::api::extensions[0m[31m: [31mservice error: NoSuchBucket: The specified bucket does not exist: NoSuchBucket: The specified bucket does not exist[0m
    [2;3mat[0m crates\collab\src\api\extensions.rs:198

  [2m2026-06-20T20:55:58.718682Z[0m [32m INFO[0m [1;32mcollab::api::extensions[0m[32m: [32mfetching extensions from blob store[0m
    [2;3mat[0m crates\collab\src\api\extensions.rs:210

  [2m2026-06-20T20:55:58.723978Z[0m [31mERROR[0m [1;31mcollab::api::extensions[0m[31m: [31mservice error: NoSuchBucket: The specified bucket does not exist: NoSuchBucket: The specified bucket does not exist[0m
    [2;3mat[0m crates\collab\src\api\extensions.rs:198

  [2m2026-06-20T21:00:58.735731Z[0m [32m INFO[0m [1;32mcollab::api::extensions[0m[32m: [32mfetching extensions from blob store[0m
    [2;3mat[0m crates\collab\src\api\extensions.rs:210

  [2m2026-06-20T21:00:58.740814Z[0m [31mERROR[0m [1;31mcollab::api::extensions[0m[31m: [31mservice error: NoSuchBucket: The specified bucket does not exist: NoSuchBucket: The specified bucket does not exist[0m
    [2;3mat[0m crates\collab\src\api\extensions.rs:198

  [2m2026-06-20T21:05:58.746405Z[0m [32m INFO[0m [1;32mcollab::api::extensions[0m[32m: [32mfetching extensions from blob store[0m
    [2;3mat[0m crates\collab\src\api\extensions.rs:210

  [2m2026-06-20T21:05:58.751244Z[0m [31mERROR[0m [1;31mcollab::api::extensions[0m[31m: [31mservice error: NoSuchBucket: The specified bucket does not exist: NoSuchBucket: The specified bucket does not exist[0m
    [2;3mat[0m crates\collab\src\api\extensions.rs:198

  [2m2026-06-20T21:10:58.755245Z[0m [32m INFO[0m [1;32mcollab::api::extensions[0m[32m: [32mfetching extensions from blob store[0m
    [2;3mat[0m crates\collab\src\api\extensions.rs:210

  [2m2026-06-20T21:10:58.769958Z[0m [31mERROR[0m [1;31mcollab::api::extensions[0m[31m: [31mservice error: NoSuchBucket: The specified bucket does not exist: NoSuchBucket: The specified bucket does not exist[0m
    [2;3mat[0m crates\collab\src\api\extensions.rs:198

  [2m2026-06-20T21:15:58.772780Z[0m [32m INFO[0m [1;32mcollab::api::extensions[0m[32m: [32mfetching extensions from blob store[0m
    [2;3mat[0m crates\collab\src\api\extensions.rs:210

  [2m2026-06-20T21:15:58.783876Z[0m [31mERROR[0m [1;31mcollab::api::extensions[0m[31m: [31mservice error: NoSuchBucket: The specified bucket does not exist: NoSuchBucket: The specified bucket does not exist[0m
    [2;3mat[0m crates\collab\src\api\extensions.rs:198

  [2m2026-06-20T21:20:58.787557Z[0m [32m INFO[0m [1;32mcollab::api::extensions[0m[32m: [32mfetching extensions from blob store[0m
    [2;3mat[0m crates\collab\src\api\extensions.rs:210

  [2m2026-06-20T21:20:58.799490Z[0m [31mERROR[0m [1;31mcollab::api::extensions[0m[31m: [31mservice error: NoSuchBucket: The specified bucket does not exist: NoSuchBucket: The specified bucket does not exist[0m
    [2;3mat[0m crates\collab\src\api\extensions.rs:198

  [2m2026-06-20T21:25:58.809785Z[0m [32m INFO[0m [1;32mcollab::api::extensions[0m[32m: [32mfetching extensions from blob store[0m
    [2;3mat[0m crates\collab\src\api\extensions.rs:210

  [2m2026-06-20T21:25:58.815338Z[0m [31mERROR[0m [1;31mcollab::api::extensions[0m[31m: [31mservice error: NoSuchBucket: The specified bucket does not exist: NoSuchBucket: The specified bucket does not exist[0m
    [2;3mat[0m crates\collab\src\api\extensions.rs:198

  [2m2026-06-20T21:30:58.821584Z[0m [32m INFO[0m [1;32mcollab::api::extensions[0m[32m: [32mfetching extensions from blob store[0m
    [2;3mat[0m crates\collab\src\api\extensions.rs:210

  [2m2026-06-20T21:30:58.828023Z[0m [31mERROR[0m [1;31mcollab::api::extensions[0m[31m: [31mservice error: NoSuchBucket: The specified bucket does not exist: NoSuchBucket: The specified bucket does not exist[0m
    [2;3mat[0m crates\collab\src\api\extensions.rs:198

  [2m2026-06-20T21:35:58.841712Z[0m [32m INFO[0m [1;32mcollab::api::extensions[0m[32m: [32mfetching extensions from blob store[0m
    [2;3mat[0m crates\collab\src\api\extensions.rs:210

  [2m2026-06-20T21:35:58.846902Z[0m [31mERROR[0m [1;31mcollab::api::extensions[0m[31m: [31mservice error: NoSuchBucket: The specified bucket does not exist: NoSuchBucket: The specified bucket does not exist[0m
    [2;3mat[0m crates\collab\src\api\extensions.rs:198

  [2m2026-06-20T21:40:58.854919Z[0m [32m INFO[0m [1;32mcollab::api::extensions[0m[32m: [32mfetching extensions from blob store[0m
    [2;3mat[0m crates\collab\src\api\extensions.rs:210

  [2m2026-06-20T21:40:58.860405Z[0m [31mERROR[0m [1;31mcollab::api::extensions[0m[31m: [31mservice error: NoSuchBucket: The specified bucket does not exist: NoSuchBucket: The specified bucket does not exist[0m
    [2;3mat[0m crates\collab\src\api\extensions.rs:198

  [2m2026-06-20T21:45:58.875477Z[0m [32m INFO[0m [1;32mcollab::api::extensions[0m[32m: [32mfetching extensions from blob store[0m
    [2;3mat[0m crates\collab\src\api\extensions.rs:210

  [2m2026-06-20T21:45:58.891735Z[0m [31mERROR[0m [1;31mcollab::api::extensions[0m[31m: [31mservice error: NoSuchBucket: The specified bucket does not exist: NoSuchBucket: The specified bucket does not exist[0m
    [2;3mat[0m crates\collab\src\api\extensions.rs:198

  [2m2026-06-20T21:50:58.906574Z[0m [32m INFO[0m [1;32mcollab::api::extensions[0m[32m: [32mfetching extensions from blob store[0m
    [2;3mat[0m crates\collab\src\api\extensions.rs:210

  [2m2026-06-20T21:50:58.917141Z[0m [31mERROR[0m [1;31mcollab::api::extensions[0m[31m: [31mservice error: NoSuchBucket: The specified bucket does not exist: NoSuchBucket: The specified bucket does not exist[0m
    [2;3mat[0m crates\collab\src\api\extensions.rs:198

  [2m2026-06-20T21:55:58.921634Z[0m [32m INFO[0m [1;32mcollab::api::extensions[0m[32m: [32mfetching extensions from blob store[0m
    [2;3mat[0m crates\collab\src\api\extensions.rs:210

  [2m2026-06-20T21:55:58.932465Z[0m [31mERROR[0m [1;31mcollab::api::extensions[0m[31m: [31mservice error: NoSuchBucket: The specified bucket does not exist: NoSuchBucket: The specified bucket does not exist[0m
    [2;3mat[0m crates\collab\src\api\extensions.rs:198

  [2m2026-06-20T22:00:58.941056Z[0m [32m INFO[0m [1;32mcollab::api::extensions[0m[32m: [32mfetching extensions from blob store[0m
    [2;3mat[0m crates\collab\src\api\extensions.rs:210

  [2m2026-06-20T22:00:58.947115Z[0m [31mERROR[0m [1;31mcollab::api::extensions[0m[31m: [31mservice error: NoSuchBucket: The specified bucket does not exist: NoSuchBucket: The specified bucket does not exist[0m
    [2;3mat[0m crates\collab\src\api\extensions.rs:198

  [2m2026-06-20T22:05:58.948181Z[0m [32m INFO[0m [1;32mcollab::api::extensions[0m[32m: [32mfetching extensions from blob store[0m
    [2;3mat[0m crates\collab\src\api\extensions.rs:210

  [2m2026-06-20T22:05:58.969841Z[0m [31mERROR[0m [1;31mcollab::api::extensions[0m[31m: [31mservice error: NoSuchBucket: The specified bucket does not exist: NoSuchBucket: The specified bucket does not exist[0m
    [2;3mat[0m crates\collab\src\api\extensions.rs:198

  [2m2026-06-20T22:10:58.970922Z[0m [32m INFO[0m [1;32mcollab::api::extensions[0m[32m: [32mfetching extensions from blob store[0m
    [2;3mat[0m crates\collab\src\api\extensions.rs:210

  [2m2026-06-20T22:10:58.976474Z[0m [31mERROR[0m [1;31mcollab::api::extensions[0m[31m: [31mservice error: NoSuchBucket: The specified bucket does not exist: NoSuchBucket: The specified bucket does not exist[0m
    [2;3mat[0m crates\collab\src\api\extensions.rs:198

  [2m2026-06-20T22:15:58.984552Z[0m [32m INFO[0m [1;32mcollab::api::extensions[0m[32m: [32mfetching extensions from blob store[0m
    [2;3mat[0m crates\collab\src\api\extensions.rs:210

  [2m2026-06-20T22:15:58.995722Z[0m [31mERROR[0m [1;31mcollab::api::extensions[0m[31m: [31mservice error: NoSuchBucket: The specified bucket does not exist: NoSuchBucket: The specified bucket does not exist[0m
    [2;3mat[0m crates\collab\src\api\extensions.rs:198

  [2m2026-06-20T22:20:58.999963Z[0m [32m INFO[0m [1;32mcollab::api::extensions[0m[32m: [32mfetching extensions from blob store[0m
    [2;3mat[0m crates\collab\src\api\extensions.rs:210

  [2m2026-06-20T22:20:59.008274Z[0m [31mERROR[0m [1;31mcollab::api::extensions[0m[31m: [31mservice error: NoSuchBucket: The specified bucket does not exist: NoSuchBucket: The specified bucket does not exist[0m
    [2;3mat[0m crates\collab\src\api\extensions.rs:198

  [2m2026-06-20T22:25:59.015237Z[0m [32m INFO[0m [1;32mcollab::api::extensions[0m[32m: [32mfetching extensions from blob store[0m
    [2;3mat[0m crates\collab\src\api\extensions.rs:210

  [2m2026-06-20T22:25:59.026414Z[0m [31mERROR[0m [1;31mcollab::api::extensions[0m[31m: [31mservice error: NoSuchBucket: The specified bucket does not exist: NoSuchBucket: The specified bucket does not exist[0m
    [2;3mat[0m crates\collab\src\api\extensions.rs:198

  [2m2026-06-20T22:30:59.028955Z[0m [32m INFO[0m [1;32mcollab::api::extensions[0m[32m: [32mfetching extensions from blob store[0m
    [2;3mat[0m crates\collab\src\api\extensions.rs:210

  [2m2026-06-20T22:30:59.034616Z[0m [31mERROR[0m [1;31mcollab::api::extensions[0m[31m: [31mservice error: NoSuchBucket: The specified bucket does not exist: NoSuchBucket: The specified bucket does not exist[0m
    [2;3mat[0m crates\collab\src\api\extensions.rs:198

  [2m2026-06-20T22:35:59.044815Z[0m [32m INFO[0m [1;32mcollab::api::extensions[0m[32m: [32mfetching extensions from blob store[0m
    [2;3mat[0m crates\collab\src\api\extensions.rs:210

  [2m2026-06-20T22:35:59.055790Z[0m [31mERROR[0m [1;31mcollab::api::extensions[0m[31m: [31mservice error: NoSuchBucket: The specified bucket does not exist: NoSuchBucket: The specified bucket does not exist[0m
    [2;3mat[0m crates\collab\src\api\extensions.rs:198

  [2m2026-06-20T22:40:59.062746Z[0m [32m INFO[0m [1;32mcollab::api::extensions[0m[32m: [32mfetching extensions from blob store[0m
    [2;3mat[0m crates\collab\src\api\extensions.rs:210

  [2m2026-06-20T22:40:59.073711Z[0m [31mERROR[0m [1;31mcollab::api::extensions[0m[31m: [31mservice error: NoSuchBucket: The specified bucket does not exist: NoSuchBucket: The specified bucket does not exist[0m
    [2;3mat[0m crates\collab\src\api\extensions.rs:198

  [2m2026-06-20T22:45:59.085917Z[0m [32m INFO[0m [1;32mcollab::api::extensions[0m[32m: [32mfetching extensions from blob store[0m
    [2;3mat[0m crates\collab\src\api\extensions.rs:210

  [2m2026-06-20T22:45:59.092082Z[0m [31mERROR[0m [1;31mcollab::api::extensions[0m[31m: [31mservice error: NoSuchBucket: The specified bucket does not exist: NoSuchBucket: The specified bucket does not exist[0m
    [2;3mat[0m crates\collab\src\api\extensions.rs:198

  [2m2026-06-20T22:50:59.105268Z[0m [32m INFO[0m [1;32mcollab::api::extensions[0m[32m: [32mfetching extensions from blob store[0m
    [2;3mat[0m crates\collab\src\api\extensions.rs:210

  [2m2026-06-20T22:50:59.115541Z[0m [31mERROR[0m [1;31mcollab::api::extensions[0m[31m: [31mservice error: NoSuchBucket: The specified bucket does not exist: NoSuchBucket: The specified bucket does not exist[0m
    [2;3mat[0m crates\collab\src\api\extensions.rs:198

  [2m2026-06-20T22:55:59.117200Z[0m [32m INFO[0m [1;32mcollab::api::extensions[0m[32m: [32mfetching extensions from blob store[0m
    [2;3mat[0m crates\collab\src\api\extensions.rs:210

  [2m2026-06-20T22:55:59.122900Z[0m [31mERROR[0m [1;31mcollab::api::extensions[0m[31m: [31mservice error: NoSuchBucket: The specified bucket does not exist: NoSuchBucket: The specified bucket does not exist[0m
    [2;3mat[0m crates\collab\src\api\extensions.rs:198

  [2m2026-06-20T23:00:59.138778Z[0m [32m INFO[0m [1;32mcollab::api::extensions[0m[32m: [32mfetching extensions from blob store[0m
    [2;3mat[0m crates\collab\src\api\extensions.rs:210

  [2m2026-06-20T23:00:59.146841Z[0m [31mERROR[0m [1;31mcollab::api::extensions[0m[31m: [31mservice error: NoSuchBucket: The specified bucket does not exist: NoSuchBucket: The specified bucket does not exist[0m
    [2;3mat[0m crates\collab\src\api\extensions.rs:198

  [2m2026-06-20T23:05:59.148778Z[0m [32m INFO[0m [1;32mcollab::api::extensions[0m[32m: [32mfetching extensions from blob store[0m
    [2;3mat[0m crates\collab\src\api\extensions.rs:210

  [2m2026-06-20T23:05:59.157782Z[0m [31mERROR[0m [1;31mcollab::api::extensions[0m[31m: [31mservice error: NoSuchBucket: The specified bucket does not exist: NoSuchBucket: The specified bucket does not exist[0m
    [2;3mat[0m crates\collab\src\api\extensions.rs:198

  [2m2026-06-20T23:10:59.167185Z[0m [32m INFO[0m [1;32mcollab::api::extensions[0m[32m: [32mfetching extensions from blob store[0m
    [2;3mat[0m crates\collab\src\api\extensions.rs:210

  [2m2026-06-20T23:10:59.173685Z[0m [31mERROR[0m [1;31mcollab::api::extensions[0m[31m: [31mservice error: NoSuchBucket: The specified bucket does not exist: NoSuchBucket: The specified bucket does not exist[0m
    [2;3mat[0m crates\collab\src\api\extensions.rs:198

  [2m2026-06-20T23:15:59.189235Z[0m [32m INFO[0m [1;32mcollab::api::extensions[0m[32m: [32mfetching extensions from blob store[0m
    [2;3mat[0m crates\collab\src\api\extensions.rs:210

  [2m2026-06-20T23:15:59.199382Z[0m [31mERROR[0m [1;31mcollab::api::extensions[0m[31m: [31mservice error: NoSuchBucket: The specified bucket does not exist: NoSuchBucket: The specified bucket does not exist[0m
    [2;3mat[0m crates\collab\src\api\extensions.rs:198

  [2m2026-06-20T23:20:59.210120Z[0m [32m INFO[0m [1;32mcollab::api::extensions[0m[32m: [32mfetching extensions from blob store[0m
    [2;3mat[0m crates\collab\src\api\extensions.rs:210

  [2m2026-06-20T23:20:59.216740Z[0m [31mERROR[0m [1;31mcollab::api::extensions[0m[31m: [31mservice error: NoSuchBucket: The specified bucket does not exist: NoSuchBucket: The specified bucket does not exist[0m
    [2;3mat[0m crates\collab\src\api\extensions.rs:198

  [2m2026-06-20T23:25:59.233617Z[0m [32m INFO[0m [1;32mcollab::api::extensions[0m[32m: [32mfetching extensions from blob store[0m
    [2;3mat[0m crates\collab\src\api\extensions.rs:210

  [2m2026-06-20T23:25:59.239599Z[0m [31mERROR[0m [1;31mcollab::api::extensions[0m[31m: [31mservice error: NoSuchBucket: The specified bucket does not exist: NoSuchBucket: The specified bucket does not exist[0m
    [2;3mat[0m crates\collab\src\api\extensions.rs:198

  [2m2026-06-20T23:30:59.249341Z[0m [32m INFO[0m [1;32mcollab::api::extensions[0m[32m: [32mfetching extensions from blob store[0m
    [2;3mat[0m crates\collab\src\api\extensions.rs:210

  [2m2026-06-20T23:30:59.255337Z[0m [31mERROR[0m [1;31mcollab::api::extensions[0m[31m: [31mservice error: NoSuchBucket: The specified bucket does not exist: NoSuchBucket: The specified bucket does not exist[0m
    [2;3mat[0m crates\collab\src\api\extensions.rs:198

  [2m2026-06-20T23:35:59.266225Z[0m [32m INFO[0m [1;32mcollab::api::extensions[0m[32m: [32mfetching extensions from blob store[0m
    [2;3mat[0m crates\collab\src\api\extensions.rs:210

  [2m2026-06-20T23:35:59.275756Z[0m [31mERROR[0m [1;31mcollab::api::extensions[0m[31m: [31mservice error: NoSuchBucket: The specified bucket does not exist: NoSuchBucket: The specified bucket does not exist[0m
    [2;3mat[0m crates\collab\src\api\extensions.rs:198

